// Jest Snapshot v1, https://goo.gl/fbAQLP

exports[`Tabs.Sugar pure render TabPane 1`] = `null`;
