// Jest Snapshot v1, https://goo.gl/fbAQLP

exports[`rc-swipeable-tabs should render Slider with correct DOM structure 1`] = `
<div
  style="width:750px;height:1334px"
>
  <div
    class="rc-tabs rc-tabs-top"
  >
    <div
      class="rc-tabs-bar"
      role="tablist"
      tabindex="0"
    >
      <div
        class="rc-tabs-nav-container rc-tabs-nav-swipe-container rc-tabs-prevpage rc-tabs-nextpage"
      >
        <div
          class="rc-tabs-nav-wrap"
        >
          <div
            class="rc-tabs-nav-swipe"
          >
            <div
              class="rc-tabs-nav"
            >
              <div
                aria-disabled="false"
                aria-selected="false"
                class="rc-tabs-tab"
                role="tab"
                style="-webkit-flex-basis:20%;flex-basis:20%"
              >
                选项0
              </div>
              <div
                aria-disabled="false"
                aria-selected="false"
                class="rc-tabs-tab"
                role="tab"
                style="-webkit-flex-basis:20%;flex-basis:20%"
              >
                选项1
              </div>
              <div
                aria-disabled="false"
                aria-selected="false"
                class="rc-tabs-tab"
                role="tab"
                style="-webkit-flex-basis:20%;flex-basis:20%"
              >
                选项2
              </div>
              <div
                aria-disabled="false"
                aria-selected="false"
                class="rc-tabs-tab"
                role="tab"
                style="-webkit-flex-basis:20%;flex-basis:20%"
              >
                选项3
              </div>
              <div
                aria-disabled="false"
                aria-selected="false"
                class="rc-tabs-tab"
                role="tab"
                style="-webkit-flex-basis:20%;flex-basis:20%"
              >
                选项4
              </div>
              <div
                aria-disabled="false"
                aria-selected="false"
                class="rc-tabs-tab"
                role="tab"
                style="-webkit-flex-basis:20%;flex-basis:20%"
              >
                选项5
              </div>
              <div
                aria-disabled="false"
                aria-selected="false"
                class="rc-tabs-tab"
                role="tab"
                style="-webkit-flex-basis:20%;flex-basis:20%"
              >
                选项6
              </div>
              <div
                aria-disabled="false"
                aria-selected="false"
                class="rc-tabs-tab"
                role="tab"
                style="-webkit-flex-basis:20%;flex-basis:20%"
              >
                选项7
              </div>
              <div
                aria-disabled="false"
                aria-selected="true"
                class="rc-tabs-tab rc-tabs-tab-active"
                role="tab"
                style="-webkit-flex-basis:20%;flex-basis:20%"
              >
                选项8
              </div>
              <div
                aria-disabled="false"
                aria-selected="false"
                class="rc-tabs-tab"
                role="tab"
                style="-webkit-flex-basis:20%;flex-basis:20%"
              >
                选项9
              </div>
              <div
                aria-disabled="false"
                aria-selected="false"
                class="rc-tabs-tab"
                role="tab"
                style="-webkit-flex-basis:20%;flex-basis:20%"
              >
                选项10
              </div>
              <div
                class="rc-tabs-ink-bar rc-tabs-ink-bar-animated"
              />
            </div>
          </div>
        </div>
      </div>
    </div>
    <div
      role="presentation"
      style="width:0;height:0;overflow:hidden;position:absolute"
      tabindex="0"
    />
    <div
      class="rc-tabs-content rc-tabs-content-animated"
      style="transform:translateX(-800%) translateZ(0);-webkit-transform:translateX(-800%) translateZ(0);-moz-transform:translateX(-800%) translateZ(0)"
    >
      <div
        aria-hidden="true"
        class="rc-tabs-tabpane rc-tabs-tabpane-inactive"
        role="tabpanel"
      />
      <div
        aria-hidden="true"
        class="rc-tabs-tabpane rc-tabs-tabpane-inactive"
        role="tabpanel"
      />
      <div
        aria-hidden="true"
        class="rc-tabs-tabpane rc-tabs-tabpane-inactive"
        role="tabpanel"
      />
      <div
        aria-hidden="true"
        class="rc-tabs-tabpane rc-tabs-tabpane-inactive"
        role="tabpanel"
      />
      <div
        aria-hidden="true"
        class="rc-tabs-tabpane rc-tabs-tabpane-inactive"
        role="tabpanel"
      />
      <div
        aria-hidden="true"
        class="rc-tabs-tabpane rc-tabs-tabpane-inactive"
        role="tabpanel"
      />
      <div
        aria-hidden="true"
        class="rc-tabs-tabpane rc-tabs-tabpane-inactive"
        role="tabpanel"
      />
      <div
        aria-hidden="true"
        class="rc-tabs-tabpane rc-tabs-tabpane-inactive"
        role="tabpanel"
      />
      <div
        aria-hidden="false"
        class="rc-tabs-tabpane rc-tabs-tabpane-active"
        role="tabpanel"
      >
        <div
          role="presentation"
          style="width:0;height:0;overflow:hidden;position:absolute"
          tabindex="0"
        />
        <div
          style="display:flex;align-items:center;justify-content:center;height:5rem;background-color:#fff"
        >
          选项8内容
        </div>
        <div
          role="presentation"
          style="width:0;height:0;overflow:hidden;position:absolute"
          tabindex="0"
        />
      </div>
      <div
        aria-hidden="true"
        class="rc-tabs-tabpane rc-tabs-tabpane-inactive"
        role="tabpanel"
      />
      <div
        aria-hidden="true"
        class="rc-tabs-tabpane rc-tabs-tabpane-inactive"
        role="tabpanel"
      />
    </div>
    <div
      role="presentation"
      style="width:0;height:0;overflow:hidden;position:absolute"
      tabindex="0"
    />
  </div>
</div>
`;
